// Jest Snapshot v1, https://goo.gl/fbAQLP

exports[`should render without errors when activeLast is true 1`] = `
<DocumentFragment>
  <nav
    class="MuiTypography-root MuiTypography-body1 MuiBreadcrumbs-root makeStyles-root-4 random-string-name css-63vwl1-MuiTypography-root-MuiBreadcrumbs-root"
  >
    <ol
      class="MuiBreadcrumbs-ol css-4pdmu4-MuiBreadcrumbs-ol"
    >
      <li
        class="MuiBreadcrumbs-li"
      >
        <a
          class="MuiTypography-root MuiTypography-body2 MuiLink-root MuiLink-underlineHover makeStyles-link-5 css-1mlnpg5-MuiTypography-root-MuiLink-root"
          href="/"
        >
          <div
            class="css-wu59qs"
          >
             
            <svg
              aria-hidden="true"
              class="MuiSvgIcon-root MuiSvgIcon-fontSizeMedium css-i4bv87-MuiSvgIcon-root"
              focusable="false"
              viewBox="0 0 24 24"
            >
              <rect
                fill="#BDC3C8"
                height="24"
                opacity="0.01"
                transform="rotate(180 24 24)"
                width="24"
                x="24"
                y="24"
              />
              <circle
                cx="12"
                cy="12"
                fill="#BDC3C8"
                r="1.05"
              />
              <path
                clip-rule="evenodd"
                d="M17.061 10.159H17.824C18.4746 10.1628 19 10.6914 19 11.342V12.7C18.9966 13.3307 18.4963 13.8465 17.866 13.869H17.103C17.0112 13.8767 16.9322 13.9367 16.9 14.023C16.8489 14.1018 16.8489 14.2032 16.9 14.282L17.411 14.793C17.632 15.0125 17.7563 15.311 17.7563 15.6225C17.7563 15.934 17.632 16.2325 17.411 16.452L16.473 17.39C16.2561 17.6132 15.9582 17.7394 15.647 17.74C15.3344 17.7359 15.0357 17.6104 14.814 17.39L14.282 16.851C14.2032 16.7999 14.1018 16.7999 14.023 16.851C13.918 16.893 13.841 16.963 13.841 17.061V17.824C13.8371 18.4746 13.3086 19 12.658 19H11.335C10.7016 19.0004 10.1816 18.499 10.159 17.866V17.103C10.1513 17.0112 10.0913 16.9322 10.005 16.9C9.91754 16.844 9.80546 16.844 9.718 16.9L9.179 17.418C8.95954 17.639 8.66096 17.7633 8.3495 17.7633C8.03804 17.7633 7.73946 17.639 7.52 17.418L6.582 16.466C6.35774 16.2469 6.23152 15.9465 6.232 15.633C6.2361 15.3204 6.36162 15.0217 6.582 14.8L7.149 14.282C7.20009 14.2032 7.20009 14.1018 7.149 14.023C7.107 13.918 7.037 13.841 6.939 13.841H6.176C5.52538 13.8371 4.99999 13.3086 5 12.658V11.335C5 10.6855 5.52651 10.159 6.176 10.159H6.897C6.98876 10.1513 7.06782 10.0913 7.1 10.005C7.15604 9.91754 7.15604 9.80546 7.1 9.718L6.582 9.2C6.35446 8.97977 6.226 8.67666 6.226 8.36C6.226 8.04334 6.35446 7.74023 6.582 7.52L7.541 6.582C7.75793 6.3588 8.05575 6.23261 8.367 6.232C8.67957 6.2361 8.9783 6.36162 9.2 6.582L9.718 7.149C9.79678 7.20009 9.89822 7.20009 9.977 7.149C10.082 7.107 10.159 7.037 10.159 6.939V6.176C10.1628 5.52538 10.6914 4.99999 11.342 5H12.7C13.3358 5.01893 13.8413 5.53994 13.841 6.176V6.897C13.8487 6.98876 13.9087 7.06782 13.995 7.1C14.0825 7.15604 14.1945 7.15604 14.282 7.1L14.821 6.582C15.0405 6.361 15.339 6.23671 15.6505 6.23671C15.962 6.23671 16.2605 6.361 16.48 6.582L17.418 7.541C17.6416 7.76054 17.7677 8.06065 17.768 8.374C17.769 8.68557 17.6426 8.984 17.418 9.2L16.851 9.718C16.7999 9.79678 16.7999 9.89822 16.851 9.977C16.893 10.082 16.963 10.159 17.061 10.159ZM9.7365 12.9376C10.1157 13.8531 11.0091 14.45 12 14.45C13.3531 14.45 14.45 13.3531 14.45 12C14.45 11.0091 13.8531 10.1157 12.9376 9.7365C12.0221 9.35728 10.9683 9.5669 10.2676 10.2676C9.5669 10.9683 9.35728 12.0221 9.7365 12.9376Z"
                fill-rule="evenodd"
              />
               
            </svg>
             
          </div>
          Step 1
        </a>
      </li>
      <li
        aria-hidden="true"
        class="makeStyles-separator-6 MuiBreadcrumbs-separator css-1wuw8dw-MuiBreadcrumbs-separator"
      >
        <span />
      </li>
      <li
        class="MuiBreadcrumbs-li"
      >
        <a
          class="MuiTypography-root MuiTypography-body2 MuiLink-root MuiLink-underlineHover makeStyles-link-5 css-1mlnpg5-MuiTypography-root-MuiLink-root"
          href="/"
        >
          <div
            class="css-wu59qs"
          >
             
            <svg
              aria-hidden="true"
              class="MuiSvgIcon-root MuiSvgIcon-fontSizeMedium css-i4bv87-MuiSvgIcon-root"
              focusable="false"
              viewBox="0 0 24 24"
            >
              <path
                d="M12 20L13.41 18.59L7.83 13L20 13L20 11L7.83 11L13.42 5.42L12 4L4 12L12 20Z"
              />
            </svg>
             
          </div>
          Step 2
        </a>
      </li>
    </ol>
  </nav>
</DocumentFragment>
`;

exports[`should render without errors when provided the minimum required props 1`] = `
<DocumentFragment>
  <nav
    class="MuiTypography-root MuiTypography-body1 MuiBreadcrumbs-root makeStyles-root-1 random-string-name css-63vwl1-MuiTypography-root-MuiBreadcrumbs-root"
  >
    <ol
      class="MuiBreadcrumbs-ol css-4pdmu4-MuiBreadcrumbs-ol"
    >
      <li
        class="MuiBreadcrumbs-li"
      >
        <div>
          <a
            class="MuiTypography-root MuiTypography-body2 MuiLink-root MuiLink-underlineHover makeStyles-link-2 css-1mlnpg5-MuiTypography-root-MuiLink-root"
            href="/"
          >
            <div
              class="css-wu59qs"
            >
               
              <svg
                aria-hidden="true"
                class="MuiSvgIcon-root MuiSvgIcon-fontSizeMedium css-i4bv87-MuiSvgIcon-root"
                focusable="false"
                viewBox="0 0 24 24"
              >
                <rect
                  fill="#BDC3C8"
                  height="24"
                  opacity="0.01"
                  transform="rotate(180 24 24)"
                  width="24"
                  x="24"
                  y="24"
                />
                <circle
                  cx="12"
                  cy="12"
                  fill="#BDC3C8"
                  r="1.05"
                />
                <path
                  clip-rule="evenodd"
                  d="M17.061 10.159H17.824C18.4746 10.1628 19 10.6914 19 11.342V12.7C18.9966 13.3307 18.4963 13.8465 17.866 13.869H17.103C17.0112 13.8767 16.9322 13.9367 16.9 14.023C16.8489 14.1018 16.8489 14.2032 16.9 14.282L17.411 14.793C17.632 15.0125 17.7563 15.311 17.7563 15.6225C17.7563 15.934 17.632 16.2325 17.411 16.452L16.473 17.39C16.2561 17.6132 15.9582 17.7394 15.647 17.74C15.3344 17.7359 15.0357 17.6104 14.814 17.39L14.282 16.851C14.2032 16.7999 14.1018 16.7999 14.023 16.851C13.918 16.893 13.841 16.963 13.841 17.061V17.824C13.8371 18.4746 13.3086 19 12.658 19H11.335C10.7016 19.0004 10.1816 18.499 10.159 17.866V17.103C10.1513 17.0112 10.0913 16.9322 10.005 16.9C9.91754 16.844 9.80546 16.844 9.718 16.9L9.179 17.418C8.95954 17.639 8.66096 17.7633 8.3495 17.7633C8.03804 17.7633 7.73946 17.639 7.52 17.418L6.582 16.466C6.35774 16.2469 6.23152 15.9465 6.232 15.633C6.2361 15.3204 6.36162 15.0217 6.582 14.8L7.149 14.282C7.20009 14.2032 7.20009 14.1018 7.149 14.023C7.107 13.918 7.037 13.841 6.939 13.841H6.176C5.52538 13.8371 4.99999 13.3086 5 12.658V11.335C5 10.6855 5.52651 10.159 6.176 10.159H6.897C6.98876 10.1513 7.06782 10.0913 7.1 10.005C7.15604 9.91754 7.15604 9.80546 7.1 9.718L6.582 9.2C6.35446 8.97977 6.226 8.67666 6.226 8.36C6.226 8.04334 6.35446 7.74023 6.582 7.52L7.541 6.582C7.75793 6.3588 8.05575 6.23261 8.367 6.232C8.67957 6.2361 8.9783 6.36162 9.2 6.582L9.718 7.149C9.79678 7.20009 9.89822 7.20009 9.977 7.149C10.082 7.107 10.159 7.037 10.159 6.939V6.176C10.1628 5.52538 10.6914 4.99999 11.342 5H12.7C13.3358 5.01893 13.8413 5.53994 13.841 6.176V6.897C13.8487 6.98876 13.9087 7.06782 13.995 7.1C14.0825 7.15604 14.1945 7.15604 14.282 7.1L14.821 6.582C15.0405 6.361 15.339 6.23671 15.6505 6.23671C15.962 6.23671 16.2605 6.361 16.48 6.582L17.418 7.541C17.6416 7.76054 17.7677 8.06065 17.768 8.374C17.769 8.68557 17.6426 8.984 17.418 9.2L16.851 9.718C16.7999 9.79678 16.7999 9.89822 16.851 9.977C16.893 10.082 16.963 10.159 17.061 10.159ZM9.7365 12.9376C10.1157 13.8531 11.0091 14.45 12 14.45C13.3531 14.45 14.45 13.3531 14.45 12C14.45 11.0091 13.8531 10.1157 12.9376 9.7365C12.0221 9.35728 10.9683 9.5669 10.2676 10.2676C9.5669 10.9683 9.35728 12.0221 9.7365 12.9376Z"
                  fill-rule="evenodd"
                />
                 
              </svg>
               
            </div>
            Step 1
          </a>
        </div>
      </li>
      <li
        aria-hidden="true"
        class="makeStyles-separator-3 MuiBreadcrumbs-separator css-1wuw8dw-MuiBreadcrumbs-separator"
      >
        <span />
      </li>
      <li
        class="MuiBreadcrumbs-li"
      >
        <div>
          <p
            class="css-13uwyqo"
          >
            Step 2
          </p>
        </div>
      </li>
    </ol>
  </nav>
</DocumentFragment>
`;
